<html>
<body>
<pre>
<h1>µVision Build Log</h1>
<h2>Project:</h2>
K:\__RangDongCorp(thay tcuong,cHanh)\Technical Solution\firmware\embeddedApps\M054\M051_Series_BSP_CMSIS_V3.01.004\SampleCode\StdDriver\GPIO_OutputInput_HungNN\KEIL\GPIO_OutputInput.uvproj
Project File Date:  02/01/2023

<h2>Output:</h2>
Build target 'GPIO_OutputInput_hungnn'
creating preprocessor file for system_M051Series.c...
compiling system_M051Series.c...
creating preprocessor file for main.c...
compiling main.c...
..\main.c(49): error:  #20: identifier "Relay_HoldingRegs_09" is undefined
creating preprocessor file for SimpleModbusSlave.c...
compiling SimpleModbusSlave.c...
creating preprocessor file for retarget.c...
compiling retarget.c...
creating preprocessor file for gpio.c...
compiling gpio.c...
creating preprocessor file for uart.c...
compiling uart.c...
creating preprocessor file for clk.c...
compiling clk.c...
creating preprocessor file for sys.c...
compiling sys.c...
".\obj\GPIO_OutputInput_hungNN.axf" - 1 Errors, 0 Warning(s).
Target not created
Build target 'GPIO_OutputInput_hungnn'
creating preprocessor file for system_M051Series.c...
compiling system_M051Series.c...
creating preprocessor file for main.c...
compiling main.c...
creating preprocessor file for SimpleModbusSlave.c...
compiling SimpleModbusSlave.c...
creating preprocessor file for retarget.c...
compiling retarget.c...
creating preprocessor file for gpio.c...
compiling gpio.c...
creating preprocessor file for uart.c...
compiling uart.c...
creating preprocessor file for clk.c...
compiling clk.c...
creating preprocessor file for sys.c...
compiling sys.c...
linking...
Program Size: Code=4540 RO-data=304 RW-data=32 ZI-data=696  
After Build - User command #1: fromelf --bin ".\obj\GPIO_OutputInput_hungNN.axf" --output ".\obj\GPIO_OutputInput_hungNN.bin"
".\obj\GPIO_OutputInput_hungNN.axf" - 0 Errors, 0 Warning(s).
Build target 'GPIO_OutputInput_hungnn'
creating preprocessor file for system_M051Series.c...
compiling system_M051Series.c...
creating preprocessor file for main.c...
compiling main.c...
creating preprocessor file for SimpleModbusSlave.c...
compiling SimpleModbusSlave.c...
creating preprocessor file for retarget.c...
compiling retarget.c...
creating preprocessor file for gpio.c...
compiling gpio.c...
creating preprocessor file for uart.c...
compiling uart.c...
creating preprocessor file for clk.c...
compiling clk.c...
creating preprocessor file for sys.c...
compiling sys.c...
linking...
Program Size: Code=4540 RO-data=304 RW-data=32 ZI-data=696  
After Build - User command #1: fromelf --bin ".\obj\GPIO_OutputInput_hungNN_40.axf" --output ".\obj\GPIO_OutputInput_hungNN_40.bin"
".\obj\GPIO_OutputInput_hungNN_40.axf" - 0 Errors, 0 Warning(s).
Build target 'GPIO_OutputInput_hungnn'
creating preprocessor file for system_M051Series.c...
compiling system_M051Series.c...
creating preprocessor file for main.c...
compiling main.c...
creating preprocessor file for SimpleModbusSlave.c...
compiling SimpleModbusSlave.c...
creating preprocessor file for retarget.c...
compiling retarget.c...
creating preprocessor file for gpio.c...
compiling gpio.c...
creating preprocessor file for uart.c...
compiling uart.c...
creating preprocessor file for clk.c...
compiling clk.c...
creating preprocessor file for sys.c...
compiling sys.c...
linking...
Program Size: Code=4540 RO-data=304 RW-data=32 ZI-data=696  
After Build - User command #1: fromelf --bin ".\obj\GPIO_OutputInput_hungNN_40.axf" --output ".\obj\GPIO_OutputInput_hungNN_40.bin"
".\obj\GPIO_OutputInput_hungNN_40.axf" - 0 Errors, 0 Warning(s).
Build target 'GPIO_OutputInput_hungnn'
creating preprocessor file for system_M051Series.c...
compiling system_M051Series.c...
creating preprocessor file for main.c...
compiling main.c...
creating preprocessor file for SimpleModbusSlave.c...
compiling SimpleModbusSlave.c...
creating preprocessor file for retarget.c...
compiling retarget.c...
creating preprocessor file for gpio.c...
compiling gpio.c...
creating preprocessor file for uart.c...
compiling uart.c...
creating preprocessor file for clk.c...
compiling clk.c...
creating preprocessor file for sys.c...
compiling sys.c...
linking...
Program Size: Code=4540 RO-data=304 RW-data=32 ZI-data=696  
After Build - User command #1: fromelf --bin ".\obj\GPIO_OutputInput_hungNN_40.axf" --output ".\obj\GPIO_OutputInput_hungNN_40.bin"
".\obj\GPIO_OutputInput_hungNN_40.axf" - 0 Errors, 0 Warning(s).
Build target 'GPIO_OutputInput_hungnn'
creating preprocessor file for system_M051Series.c...
compiling system_M051Series.c...
creating preprocessor file for main.c...
compiling main.c...
creating preprocessor file for SimpleModbusSlave.c...
compiling SimpleModbusSlave.c...
creating preprocessor file for retarget.c...
compiling retarget.c...
creating preprocessor file for gpio.c...
compiling gpio.c...
creating preprocessor file for uart.c...
compiling uart.c...
creating preprocessor file for clk.c...
compiling clk.c...
creating preprocessor file for sys.c...
compiling sys.c...
linking...
Program Size: Code=4540 RO-data=304 RW-data=32 ZI-data=696  
After Build - User command #1: fromelf --bin ".\obj\GPIO_OutputInput_hungNN_41.axf" --output ".\obj\GPIO_OutputInput_hungNN_41.bin"
".\obj\GPIO_OutputInput_hungNN_41.axf" - 0 Errors, 0 Warning(s).
Build target 'GPIO_OutputInput_hungnn'
creating preprocessor file for system_M051Series.c...
compiling system_M051Series.c...
creating preprocessor file for main.c...
compiling main.c...
creating preprocessor file for SimpleModbusSlave.c...
compiling SimpleModbusSlave.c...
creating preprocessor file for retarget.c...
compiling retarget.c...
creating preprocessor file for gpio.c...
compiling gpio.c...
creating preprocessor file for uart.c...
compiling uart.c...
creating preprocessor file for clk.c...
compiling clk.c...
creating preprocessor file for sys.c...
compiling sys.c...
linking...
Program Size: Code=4540 RO-data=304 RW-data=32 ZI-data=696  
After Build - User command #1: fromelf --bin ".\obj\GPIO_OutputInput_hungNN_42.axf" --output ".\obj\GPIO_OutputInput_hungNN_42.bin"
".\obj\GPIO_OutputInput_hungNN_42.axf" - 0 Errors, 0 Warning(s).
Build target 'GPIO_OutputInput_hungnn'
creating preprocessor file for system_M051Series.c...
compiling system_M051Series.c...
creating preprocessor file for main.c...
compiling main.c...
creating preprocessor file for SimpleModbusSlave.c...
compiling SimpleModbusSlave.c...
creating preprocessor file for retarget.c...
compiling retarget.c...
creating preprocessor file for gpio.c...
compiling gpio.c...
creating preprocessor file for uart.c...
compiling uart.c...
creating preprocessor file for clk.c...
compiling clk.c...
creating preprocessor file for sys.c...
compiling sys.c...
linking...
Program Size: Code=4540 RO-data=304 RW-data=32 ZI-data=696  
After Build - User command #1: fromelf --bin ".\obj\GPIO_OutputInput_hungNN_43.axf" --output ".\obj\GPIO_OutputInput_hungNN_43.bin"
".\obj\GPIO_OutputInput_hungNN_43.axf" - 0 Errors, 0 Warning(s).
Build target 'GPIO_OutputInput_hungnn'
creating preprocessor file for system_M051Series.c...
compiling system_M051Series.c...
creating preprocessor file for main.c...
compiling main.c...
creating preprocessor file for SimpleModbusSlave.c...
compiling SimpleModbusSlave.c...
creating preprocessor file for retarget.c...
compiling retarget.c...
creating preprocessor file for gpio.c...
compiling gpio.c...
creating preprocessor file for uart.c...
compiling uart.c...
creating preprocessor file for clk.c...
compiling clk.c...
creating preprocessor file for sys.c...
compiling sys.c...
linking...
Program Size: Code=4540 RO-data=304 RW-data=32 ZI-data=696  
After Build - User command #1: fromelf --bin ".\obj\GPIO_OutputInput_hungNN_43.axf" --output ".\obj\GPIO_OutputInput_hungNN_43.bin"
".\obj\GPIO_OutputInput_hungNN_43.axf" - 0 Errors, 0 Warning(s).
Build target 'GPIO_OutputInput_hungnn'
creating preprocessor file for system_M051Series.c...
compiling system_M051Series.c...
creating preprocessor file for main.c...
compiling main.c...
creating preprocessor file for SimpleModbusSlave.c...
compiling SimpleModbusSlave.c...
creating preprocessor file for retarget.c...
compiling retarget.c...
creating preprocessor file for gpio.c...
compiling gpio.c...
creating preprocessor file for uart.c...
compiling uart.c...
creating preprocessor file for clk.c...
compiling clk.c...
creating preprocessor file for sys.c...
compiling sys.c...
linking...
Program Size: Code=4540 RO-data=304 RW-data=32 ZI-data=696  
After Build - User command #1: fromelf --bin ".\obj\GPIO_OutputInput_hungNN_44.axf" --output ".\obj\GPIO_OutputInput_hungNN_44.bin"
".\obj\GPIO_OutputInput_hungNN_44.axf" - 0 Errors, 0 Warning(s).
Build target 'GPIO_OutputInput_hungnn'
creating preprocessor file for system_M051Series.c...
compiling system_M051Series.c...
creating preprocessor file for main.c...
compiling main.c...
creating preprocessor file for SimpleModbusSlave.c...
compiling SimpleModbusSlave.c...
creating preprocessor file for retarget.c...
compiling retarget.c...
creating preprocessor file for gpio.c...
compiling gpio.c...
creating preprocessor file for uart.c...
compiling uart.c...
creating preprocessor file for clk.c...
compiling clk.c...
creating preprocessor file for sys.c...
compiling sys.c...
linking...
Program Size: Code=4540 RO-data=304 RW-data=32 ZI-data=696  
After Build - User command #1: fromelf --bin ".\obj\GPIO_OutputInput_hungNN_45.axf" --output ".\obj\GPIO_OutputInput_hungNN_45.bin"
".\obj\GPIO_OutputInput_hungNN_45.axf" - 0 Errors, 0 Warning(s).
