<html>
<body>
<pre>
<h1>µVision Build Log</h1>
<h2>Project:</h2>
K:\__RangDongCorp(thay tcuong,cHanh)\Technical Solution\firmware\embeddedApps\M054\M051_Series_BSP_CMSIS_V3.01.004\SampleCode\StdDriver\RALACO_MayDaKenh_Relays\KEIL\GPIO_OutputInput.uvproj
Project File Date:  02/14/2023

<h2>Output:</h2>
Build target 'RALACO_Relay'
creating preprocessor file for system_M051Series.c...
compiling system_M051Series.c...
creating preprocessor file for main.c...
compiling main.c...
creating preprocessor file for SimpleModbusSlave.c...
compiling SimpleModbusSlave.c...
creating preprocessor file for retarget.c...
compiling retarget.c...
creating preprocessor file for gpio.c...
compiling gpio.c...
creating preprocessor file for uart.c...
compiling uart.c...
creating preprocessor file for clk.c...
compiling clk.c...
creating preprocessor file for sys.c...
compiling sys.c...
linking...
Program Size: Code=4372 RO-data=304 RW-data=32 ZI-data=712  
After Build - User command #1: fromelf --bin ".\obj\RALACO_Relay.axf" --output ".\obj\RALACO_Relay.bin"
".\obj\RALACO_Relay.axf" - 0 Errors, 0 Warning(s).
Build target 'RALACO_Relay'
creating preprocessor file for system_M051Series.c...
compiling system_M051Series.c...
creating preprocessor file for main.c...
compiling main.c...
creating preprocessor file for SimpleModbusSlave.c...
compiling SimpleModbusSlave.c...
creating preprocessor file for retarget.c...
compiling retarget.c...
creating preprocessor file for gpio.c...
compiling gpio.c...
creating preprocessor file for uart.c...
compiling uart.c...
creating preprocessor file for clk.c...
compiling clk.c...
creating preprocessor file for sys.c...
compiling sys.c...
linking...
Program Size: Code=4372 RO-data=304 RW-data=32 ZI-data=712  
After Build - User command #1: fromelf --bin ".\obj\RALACO_Relay_31.axf" --output ".\obj\RALACO_Relay_31.bin"
".\obj\RALACO_Relay_31.axf" - 0 Errors, 0 Warning(s).
Clean started: Project: 'GPIO_OutputInput'
   deleting intermediate output files for target 'RALACO_Relay'
creating preprocessor file for main.c...
compiling main.c...
..\main.c(58): error:  #20: identifier "counterIdx" is undefined
"..\main.c" - 1 Errors, 0 Warning(s).
Build target 'RALACO_Relay'
creating preprocessor file for system_M051Series.c...
compiling system_M051Series.c...
assembling startup_M051Series.s...
creating preprocessor file for main.c...
compiling main.c...
..\main.c(58): error:  #20: identifier "counterIdx" is undefined
creating preprocessor file for SimpleModbusSlave.c...
compiling SimpleModbusSlave.c...
creating preprocessor file for retarget.c...
compiling retarget.c...
creating preprocessor file for gpio.c...
compiling gpio.c...
creating preprocessor file for uart.c...
compiling uart.c...
creating preprocessor file for clk.c...
compiling clk.c...
creating preprocessor file for sys.c...
compiling sys.c...
".\obj\RALACO_Relay_31.axf" - 1 Errors, 0 Warning(s).
Target not created
Build target 'RALACO_Relay'
creating preprocessor file for system_M051Series.c...
compiling system_M051Series.c...
creating preprocessor file for main.c...
compiling main.c...
..\main.c(55): error:  #20: identifier "counterIdx" is undefined
creating preprocessor file for SimpleModbusSlave.c...
compiling SimpleModbusSlave.c...
creating preprocessor file for retarget.c...
compiling retarget.c...
creating preprocessor file for gpio.c...
compiling gpio.c...
creating preprocessor file for uart.c...
compiling uart.c...
creating preprocessor file for clk.c...
compiling clk.c...
creating preprocessor file for sys.c...
compiling sys.c...
".\obj\RALACO_Relay_31.axf" - 1 Errors, 0 Warning(s).
Target not created
Build target 'RALACO_Relay'
creating preprocessor file for system_M051Series.c...
compiling system_M051Series.c...
creating preprocessor file for main.c...
compiling main.c...
..\main.c(55): warning:  #175-D: subscript out of range
creating preprocessor file for SimpleModbusSlave.c...
compiling SimpleModbusSlave.c...
creating preprocessor file for retarget.c...
compiling retarget.c...
creating preprocessor file for gpio.c...
compiling gpio.c...
creating preprocessor file for uart.c...
compiling uart.c...
creating preprocessor file for clk.c...
compiling clk.c...
creating preprocessor file for sys.c...
compiling sys.c...
linking...
Program Size: Code=4380 RO-data=304 RW-data=32 ZI-data=712  
After Build - User command #1: fromelf --bin ".\obj\RALACO_Relay_31.axf" --output ".\obj\RALACO_Relay_31.bin"
".\obj\RALACO_Relay_31.axf" - 0 Errors, 1 Warning(s).
Build target 'RALACO_Relay'
creating preprocessor file for system_M051Series.c...
compiling system_M051Series.c...
creating preprocessor file for main.c...
compiling main.c...
..\main.c(55): error:  #20: identifier "counterIdx" is undefined
creating preprocessor file for SimpleModbusSlave.c...
compiling SimpleModbusSlave.c...
creating preprocessor file for retarget.c...
compiling retarget.c...
creating preprocessor file for gpio.c...
compiling gpio.c...
creating preprocessor file for uart.c...
compiling uart.c...
creating preprocessor file for clk.c...
compiling clk.c...
creating preprocessor file for sys.c...
compiling sys.c...
".\obj\RALACO_Relay_31.axf" - 1 Errors, 0 Warning(s).
Target not created
Build target 'RALACO_Relay'
creating preprocessor file for system_M051Series.c...
compiling system_M051Series.c...
creating preprocessor file for main.c...
compiling main.c...
..\main.c(55): error:  #20: identifier "counterIdx" is undefined
creating preprocessor file for SimpleModbusSlave.c...
compiling SimpleModbusSlave.c...
creating preprocessor file for retarget.c...
compiling retarget.c...
creating preprocessor file for gpio.c...
compiling gpio.c...
creating preprocessor file for uart.c...
compiling uart.c...
creating preprocessor file for clk.c...
compiling clk.c...
creating preprocessor file for sys.c...
compiling sys.c...
".\obj\RALACO_Relay_31.axf" - 1 Errors, 0 Warning(s).
Target not created
creating preprocessor file for main.c...
compiling main.c...
..\main.c(55): error:  #20: identifier "counterIdx" is undefined
"..\main.c" - 1 Errors, 0 Warning(s).
creating preprocessor file for main.c...
compiling main.c...
..\main.c(55): error:  #20: identifier "counterIdx" is undefined
"..\main.c" - 1 Errors, 0 Warning(s).
creating preprocessor file for main.c...
compiling main.c...
"..\main.c" - 0 Errors, 0 Warning(s).
Build target 'RALACO_Relay'
creating preprocessor file for system_M051Series.c...
compiling system_M051Series.c...
creating preprocessor file for main.c...
compiling main.c...
..\main.c(59): error:  #20: identifier "status" is undefined
creating preprocessor file for SimpleModbusSlave.c...
compiling SimpleModbusSlave.c...
creating preprocessor file for retarget.c...
compiling retarget.c...
creating preprocessor file for gpio.c...
compiling gpio.c...
creating preprocessor file for uart.c...
compiling uart.c...
creating preprocessor file for clk.c...
compiling clk.c...
creating preprocessor file for sys.c...
compiling sys.c...
".\obj\RALACO_Relay_31.axf" - 1 Errors, 0 Warning(s).
Target not created
Build target 'RALACO_Relay'
creating preprocessor file for system_M051Series.c...
compiling system_M051Series.c...
creating preprocessor file for main.c...
compiling main.c...
..\main.c(59): error:  #20: identifier "temp_status" is undefined
creating preprocessor file for SimpleModbusSlave.c...
compiling SimpleModbusSlave.c...
creating preprocessor file for retarget.c...
compiling retarget.c...
creating preprocessor file for gpio.c...
compiling gpio.c...
creating preprocessor file for uart.c...
compiling uart.c...
creating preprocessor file for clk.c...
compiling clk.c...
creating preprocessor file for sys.c...
compiling sys.c...
".\obj\RALACO_Relay_31.axf" - 1 Errors, 0 Warning(s).
Target not created
creating preprocessor file for main.c...
compiling main.c...
..\main.c(59): error:  #20: identifier "temp_status" is undefined
"..\main.c" - 1 Errors, 0 Warning(s).
Build target 'RALACO_Relay'
creating preprocessor file for system_M051Series.c...
compiling system_M051Series.c...
creating preprocessor file for main.c...
compiling main.c...
..\main.c(58): error:  #20: identifier "Opto_HoldingRegs_54_2" is undefined
creating preprocessor file for SimpleModbusSlave.c...
compiling SimpleModbusSlave.c...
creating preprocessor file for retarget.c...
compiling retarget.c...
creating preprocessor file for gpio.c...
compiling gpio.c...
creating preprocessor file for uart.c...
compiling uart.c...
creating preprocessor file for clk.c...
compiling clk.c...
creating preprocessor file for sys.c...
compiling sys.c...
".\obj\RALACO_Relay_31.axf" - 1 Errors, 0 Warning(s).
Target not created
Build target 'RALACO_Relay'
creating preprocessor file for system_M051Series.c...
compiling system_M051Series.c...
creating preprocessor file for main.c...
compiling main.c...
..\main.c(58): error:  #20: identifier "temp_status" is undefined
creating preprocessor file for SimpleModbusSlave.c...
compiling SimpleModbusSlave.c...
creating preprocessor file for retarget.c...
compiling retarget.c...
creating preprocessor file for gpio.c...
compiling gpio.c...
creating preprocessor file for uart.c...
compiling uart.c...
creating preprocessor file for clk.c...
compiling clk.c...
creating preprocessor file for sys.c...
compiling sys.c...
".\obj\RALACO_Relay_31.axf" - 1 Errors, 0 Warning(s).
Target not created
