<!doctype html public "-//w3c//dtd html 4.0 transitional//en">
<html><head>
<title>Static Call Graph - [.\obj\GPIO_OutputInput_hungNN_23.axf]</title></head>
<body><HR>
<H1>Static Call Graph for image .\obj\GPIO_OutputInput_hungNN_23.axf</H1><HR>
<BR><P>#&#060CALLGRAPH&#062# ARM Linker, 5.03 [Build 76]: Last Updated: Mon Feb 13 14:10:42 2023
<BR><P>
<H3>Maximum Stack Usage =        124 bytes + Unknown(Cycles, Untraceable Function Pointers)</H3><H3>
Call chain for Maximum Stack Depth:</H3>
main &rArr; modbus_configure &rArr; UART0_Init &rArr; UART_SetLine_Config &rArr; CLK_GetPLLClockFreq &rArr; __aeabi_uidivmod
<P>
<H3>
Mutually Recursive functions
</H3> <LI><a href="#[1]">NMI_Handler</a>&nbsp;&nbsp;&nbsp;&rArr;&nbsp;&nbsp;&nbsp;<a href="#[1]">NMI_Handler</a><BR>
 <LI><a href="#[3]">SVC_Handler</a>&nbsp;&nbsp;&nbsp;&rArr;&nbsp;&nbsp;&nbsp;<a href="#[3]">SVC_Handler</a><BR>
 <LI><a href="#[4]">PendSV_Handler</a>&nbsp;&nbsp;&nbsp;&rArr;&nbsp;&nbsp;&nbsp;<a href="#[4]">PendSV_Handler</a><BR>
 <LI><a href="#[5]">SysTick_Handler</a>&nbsp;&nbsp;&nbsp;&rArr;&nbsp;&nbsp;&nbsp;<a href="#[5]">SysTick_Handler</a><BR>
 <LI><a href="#[16]">Default_Handler</a>&nbsp;&nbsp;&nbsp;&rArr;&nbsp;&nbsp;&nbsp;<a href="#[16]">Default_Handler</a><BR>
</UL>
<P>
<H3>
Function Pointers
</H3><UL>
 <LI><a href="#[19]">ACMP01_IRQHandler</a> from startup_m051series.o(.text) referenced from startup_m051series.o(RESET)
 <LI><a href="#[1a]">ACMP23_IRQHandler</a> from startup_m051series.o(.text) referenced from startup_m051series.o(RESET)
 <LI><a href="#[1c]">ADC_IRQHandler</a> from startup_m051series.o(.text) referenced from startup_m051series.o(RESET)
 <LI><a href="#[6]">BOD_IRQHandler</a> from startup_m051series.o(.text) referenced from startup_m051series.o(RESET)
 <LI><a href="#[16]">Default_Handler</a> from startup_m051series.o(.text) referenced 9 times from startup_m051series.o(RESET)
 <LI><a href="#[8]">EINT0_IRQHandler</a> from startup_m051series.o(.text) referenced from startup_m051series.o(RESET)
 <LI><a href="#[9]">EINT1_IRQHandler</a> from startup_m051series.o(.text) referenced from startup_m051series.o(RESET)
 <LI><a href="#[a]">GPIOP0P1_IRQHandler</a> from startup_m051series.o(.text) referenced from startup_m051series.o(RESET)
 <LI><a href="#[b]">GPIOP2P3P4_IRQHandler</a> from startup_m051series.o(.text) referenced from startup_m051series.o(RESET)
 <LI><a href="#[2]">HardFault_Handler</a> from retarget.o(.emb_text) referenced from startup_m051series.o(RESET)
 <LI><a href="#[1f]">Hard_Fault_Handler</a> from retarget.o(i.Hard_Fault_Handler) referenced from retarget.o(.emb_text)
 <LI><a href="#[17]">I2C0_IRQHandler</a> from startup_m051series.o(.text) referenced from startup_m051series.o(RESET)
 <LI><a href="#[18]">I2C1_IRQHandler</a> from startup_m051series.o(.text) referenced from startup_m051series.o(RESET)
 <LI><a href="#[1]">NMI_Handler</a> from startup_m051series.o(.text) referenced from startup_m051series.o(RESET)
 <LI><a href="#[c]">PWMA_IRQHandler</a> from startup_m051series.o(.text) referenced from startup_m051series.o(RESET)
 <LI><a href="#[d]">PWMB_IRQHandler</a> from startup_m051series.o(.text) referenced from startup_m051series.o(RESET)
 <LI><a href="#[1b]">PWRWU_IRQHandler</a> from startup_m051series.o(.text) referenced from startup_m051series.o(RESET)
 <LI><a href="#[4]">PendSV_Handler</a> from startup_m051series.o(.text) referenced from startup_m051series.o(RESET)
 <LI><a href="#[1d]">RTC_IRQHandler</a> from startup_m051series.o(.text) referenced from startup_m051series.o(RESET)
 <LI><a href="#[23]">Reset_Handler</a> from startup_m051series.o(.text) referenced from startup_m051series.o(RESET)
 <LI><a href="#[14]">SPI0_IRQHandler</a> from startup_m051series.o(.text) referenced from startup_m051series.o(RESET)
 <LI><a href="#[15]">SPI1_IRQHandler</a> from startup_m051series.o(.text) referenced from startup_m051series.o(RESET)
 <LI><a href="#[3]">SVC_Handler</a> from startup_m051series.o(.text) referenced from startup_m051series.o(RESET)
 <LI><a href="#[5]">SysTick_Handler</a> from startup_m051series.o(.text) referenced from startup_m051series.o(RESET)
 <LI><a href="#[20]">SystemInit</a> from system_m051series.o(i.SystemInit) referenced from startup_m051series.o(.text)
 <LI><a href="#[e]">TMR0_IRQHandler</a> from startup_m051series.o(.text) referenced from startup_m051series.o(RESET)
 <LI><a href="#[f]">TMR1_IRQHandler</a> from startup_m051series.o(.text) referenced from startup_m051series.o(RESET)
 <LI><a href="#[10]">TMR2_IRQHandler</a> from startup_m051series.o(.text) referenced from startup_m051series.o(RESET)
 <LI><a href="#[11]">TMR3_IRQHandler</a> from startup_m051series.o(.text) referenced from startup_m051series.o(RESET)
 <LI><a href="#[12]">UART0_IRQHandler</a> from startup_m051series.o(.text) referenced from startup_m051series.o(RESET)
 <LI><a href="#[13]">UART1_IRQHandler</a> from startup_m051series.o(.text) referenced from startup_m051series.o(RESET)
 <LI><a href="#[7]">WDT_IRQHandler</a> from startup_m051series.o(.text) referenced from startup_m051series.o(RESET)
 <LI><a href="#[21]">__main</a> from entry.o(.ARM.Collect$$$$00000000) referenced from startup_m051series.o(.text)
 <LI><a href="#[22]">fputc</a> from retarget.o(i.fputc) referenced from printf5.o(i.__0printf$5)
 <LI><a href="#[1e]">main</a> from main.o(i.main) referenced from entry9a.o(.ARM.Collect$$$$0000000B)
</UL>
<P>
<H3>
Global Symbols
</H3>
<P><STRONG><a name="[21]"></a>__main</STRONG> (Thumb, 0 bytes, Stack size unknown bytes, entry.o(.ARM.Collect$$$$00000000))
<BR>[Address Reference Count : 1]<UL><LI> startup_m051series.o(.text)
</UL>
<P><STRONG><a name="[48]"></a>_main_stk</STRONG> (Thumb, 0 bytes, Stack size unknown bytes, entry2.o(.ARM.Collect$$$$00000001))

<P><STRONG><a name="[24]"></a>_main_scatterload</STRONG> (Thumb, 0 bytes, Stack size unknown bytes, entry5.o(.ARM.Collect$$$$00000004))
<BR><BR>[Calls]<UL><LI><a href="#[25]">&gt;&gt;</a>&nbsp;&nbsp;&nbsp;__scatterload
</UL>

<P><STRONG><a name="[29]"></a>__main_after_scatterload</STRONG> (Thumb, 0 bytes, Stack size unknown bytes, entry5.o(.ARM.Collect$$$$00000004))
<BR><BR>[Called By]<UL><LI><a href="#[25]">&gt;&gt;</a>&nbsp;&nbsp;&nbsp;__scatterload
</UL>

<P><STRONG><a name="[49]"></a>_main_clock</STRONG> (Thumb, 0 bytes, Stack size unknown bytes, entry7b.o(.ARM.Collect$$$$00000008))

<P><STRONG><a name="[4a]"></a>_main_cpp_init</STRONG> (Thumb, 0 bytes, Stack size unknown bytes, entry8b.o(.ARM.Collect$$$$0000000A))

<P><STRONG><a name="[4b]"></a>_main_init</STRONG> (Thumb, 0 bytes, Stack size unknown bytes, entry9a.o(.ARM.Collect$$$$0000000B))

<P><STRONG><a name="[4c]"></a>__rt_final_cpp</STRONG> (Thumb, 0 bytes, Stack size unknown bytes, entry10a.o(.ARM.Collect$$$$0000000D))

<P><STRONG><a name="[4d]"></a>__rt_final_exit</STRONG> (Thumb, 0 bytes, Stack size unknown bytes, entry11a.o(.ARM.Collect$$$$0000000F))

<P><STRONG><a name="[2]"></a>HardFault_Handler</STRONG> (Thumb, 24 bytes, Stack size 0 bytes, retarget.o(.emb_text))
<BR>[Address Reference Count : 1]<UL><LI> startup_m051series.o(RESET)
</UL>
<P><STRONG><a name="[23]"></a>Reset_Handler</STRONG> (Thumb, 32 bytes, Stack size 0 bytes, startup_m051series.o(.text))

<P><STRONG><a name="[1]"></a>NMI_Handler</STRONG> (Thumb, 2 bytes, Stack size 0 bytes, startup_m051series.o(.text))
<BR><BR>[Calls]<UL><LI><a href="#[1]">&gt;&gt;</a>&nbsp;&nbsp;&nbsp;NMI_Handler
</UL>
<BR>[Called By]<UL><LI><a href="#[1]">&gt;&gt;</a>&nbsp;&nbsp;&nbsp;NMI_Handler
</UL>
<BR>[Address Reference Count : 1]<UL><LI> startup_m051series.o(RESET)
</UL>
<P><STRONG><a name="[3]"></a>SVC_Handler</STRONG> (Thumb, 2 bytes, Stack size 0 bytes, startup_m051series.o(.text))
<BR><BR>[Calls]<UL><LI><a href="#[3]">&gt;&gt;</a>&nbsp;&nbsp;&nbsp;SVC_Handler
</UL>
<BR>[Called By]<UL><LI><a href="#[3]">&gt;&gt;</a>&nbsp;&nbsp;&nbsp;SVC_Handler
</UL>
<BR>[Address Reference Count : 1]<UL><LI> startup_m051series.o(RESET)
</UL>
<P><STRONG><a name="[4]"></a>PendSV_Handler</STRONG> (Thumb, 2 bytes, Stack size 0 bytes, startup_m051series.o(.text))
<BR><BR>[Calls]<UL><LI><a href="#[4]">&gt;&gt;</a>&nbsp;&nbsp;&nbsp;PendSV_Handler
</UL>
<BR>[Called By]<UL><LI><a href="#[4]">&gt;&gt;</a>&nbsp;&nbsp;&nbsp;PendSV_Handler
</UL>
<BR>[Address Reference Count : 1]<UL><LI> startup_m051series.o(RESET)
</UL>
<P><STRONG><a name="[5]"></a>SysTick_Handler</STRONG> (Thumb, 2 bytes, Stack size 0 bytes, startup_m051series.o(.text))
<BR><BR>[Calls]<UL><LI><a href="#[5]">&gt;&gt;</a>&nbsp;&nbsp;&nbsp;SysTick_Handler
</UL>
<BR>[Called By]<UL><LI><a href="#[5]">&gt;&gt;</a>&nbsp;&nbsp;&nbsp;SysTick_Handler
</UL>
<BR>[Address Reference Count : 1]<UL><LI> startup_m051series.o(RESET)
</UL>
<P><STRONG><a name="[19]"></a>ACMP01_IRQHandler</STRONG> (Thumb, 0 bytes, Stack size 0 bytes, startup_m051series.o(.text))
<BR>[Address Reference Count : 1]<UL><LI> startup_m051series.o(RESET)
</UL>
<P><STRONG><a name="[1a]"></a>ACMP23_IRQHandler</STRONG> (Thumb, 0 bytes, Stack size 0 bytes, startup_m051series.o(.text))
<BR>[Address Reference Count : 1]<UL><LI> startup_m051series.o(RESET)
</UL>
<P><STRONG><a name="[1c]"></a>ADC_IRQHandler</STRONG> (Thumb, 0 bytes, Stack size 0 bytes, startup_m051series.o(.text))
<BR>[Address Reference Count : 1]<UL><LI> startup_m051series.o(RESET)
</UL>
<P><STRONG><a name="[6]"></a>BOD_IRQHandler</STRONG> (Thumb, 0 bytes, Stack size 0 bytes, startup_m051series.o(.text))
<BR>[Address Reference Count : 1]<UL><LI> startup_m051series.o(RESET)
</UL>
<P><STRONG><a name="[8]"></a>EINT0_IRQHandler</STRONG> (Thumb, 0 bytes, Stack size 0 bytes, startup_m051series.o(.text))
<BR>[Address Reference Count : 1]<UL><LI> startup_m051series.o(RESET)
</UL>
<P><STRONG><a name="[9]"></a>EINT1_IRQHandler</STRONG> (Thumb, 0 bytes, Stack size 0 bytes, startup_m051series.o(.text))
<BR>[Address Reference Count : 1]<UL><LI> startup_m051series.o(RESET)
</UL>
<P><STRONG><a name="[a]"></a>GPIOP0P1_IRQHandler</STRONG> (Thumb, 0 bytes, Stack size 0 bytes, startup_m051series.o(.text))
<BR>[Address Reference Count : 1]<UL><LI> startup_m051series.o(RESET)
</UL>
<P><STRONG><a name="[b]"></a>GPIOP2P3P4_IRQHandler</STRONG> (Thumb, 0 bytes, Stack size 0 bytes, startup_m051series.o(.text))
<BR>[Address Reference Count : 1]<UL><LI> startup_m051series.o(RESET)
</UL>
<P><STRONG><a name="[17]"></a>I2C0_IRQHandler</STRONG> (Thumb, 0 bytes, Stack size 0 bytes, startup_m051series.o(.text))
<BR>[Address Reference Count : 1]<UL><LI> startup_m051series.o(RESET)
</UL>
<P><STRONG><a name="[18]"></a>I2C1_IRQHandler</STRONG> (Thumb, 0 bytes, Stack size 0 bytes, startup_m051series.o(.text))
<BR>[Address Reference Count : 1]<UL><LI> startup_m051series.o(RESET)
</UL>
<P><STRONG><a name="[c]"></a>PWMA_IRQHandler</STRONG> (Thumb, 0 bytes, Stack size 0 bytes, startup_m051series.o(.text))
<BR>[Address Reference Count : 1]<UL><LI> startup_m051series.o(RESET)
</UL>
<P><STRONG><a name="[d]"></a>PWMB_IRQHandler</STRONG> (Thumb, 0 bytes, Stack size 0 bytes, startup_m051series.o(.text))
<BR>[Address Reference Count : 1]<UL><LI> startup_m051series.o(RESET)
</UL>
<P><STRONG><a name="[1b]"></a>PWRWU_IRQHandler</STRONG> (Thumb, 0 bytes, Stack size 0 bytes, startup_m051series.o(.text))
<BR>[Address Reference Count : 1]<UL><LI> startup_m051series.o(RESET)
</UL>
<P><STRONG><a name="[1d]"></a>RTC_IRQHandler</STRONG> (Thumb, 0 bytes, Stack size 0 bytes, startup_m051series.o(.text))
<BR>[Address Reference Count : 1]<UL><LI> startup_m051series.o(RESET)
</UL>
<P><STRONG><a name="[14]"></a>SPI0_IRQHandler</STRONG> (Thumb, 0 bytes, Stack size 0 bytes, startup_m051series.o(.text))
<BR>[Address Reference Count : 1]<UL><LI> startup_m051series.o(RESET)
</UL>
<P><STRONG><a name="[15]"></a>SPI1_IRQHandler</STRONG> (Thumb, 0 bytes, Stack size 0 bytes, startup_m051series.o(.text))
<BR>[Address Reference Count : 1]<UL><LI> startup_m051series.o(RESET)
</UL>
<P><STRONG><a name="[e]"></a>TMR0_IRQHandler</STRONG> (Thumb, 0 bytes, Stack size 0 bytes, startup_m051series.o(.text))
<BR>[Address Reference Count : 1]<UL><LI> startup_m051series.o(RESET)
</UL>
<P><STRONG><a name="[f]"></a>TMR1_IRQHandler</STRONG> (Thumb, 0 bytes, Stack size 0 bytes, startup_m051series.o(.text))
<BR>[Address Reference Count : 1]<UL><LI> startup_m051series.o(RESET)
</UL>
<P><STRONG><a name="[10]"></a>TMR2_IRQHandler</STRONG> (Thumb, 0 bytes, Stack size 0 bytes, startup_m051series.o(.text))
<BR>[Address Reference Count : 1]<UL><LI> startup_m051series.o(RESET)
</UL>
<P><STRONG><a name="[11]"></a>TMR3_IRQHandler</STRONG> (Thumb, 0 bytes, Stack size 0 bytes, startup_m051series.o(.text))
<BR>[Address Reference Count : 1]<UL><LI> startup_m051series.o(RESET)
</UL>
<P><STRONG><a name="[12]"></a>UART0_IRQHandler</STRONG> (Thumb, 0 bytes, Stack size 0 bytes, startup_m051series.o(.text))
<BR>[Address Reference Count : 1]<UL><LI> startup_m051series.o(RESET)
</UL>
<P><STRONG><a name="[13]"></a>UART1_IRQHandler</STRONG> (Thumb, 0 bytes, Stack size 0 bytes, startup_m051series.o(.text))
<BR>[Address Reference Count : 1]<UL><LI> startup_m051series.o(RESET)
</UL>
<P><STRONG><a name="[7]"></a>WDT_IRQHandler</STRONG> (Thumb, 0 bytes, Stack size 0 bytes, startup_m051series.o(.text))
<BR>[Address Reference Count : 1]<UL><LI> startup_m051series.o(RESET)
</UL>
<P><STRONG><a name="[4e]"></a>__aeabi_uidiv</STRONG> (Thumb, 0 bytes, Stack size 12 bytes, uidiv.o(.text), UNUSED)

<P><STRONG><a name="[2c]"></a>__aeabi_uidivmod</STRONG> (Thumb, 44 bytes, Stack size 12 bytes, uidiv.o(.text))
<BR><BR>[Stack]<UL><LI>Max Depth = 12<LI>Call Chain = __aeabi_uidivmod
</UL>
<BR>[Called By]<UL><LI><a href="#[2a]">&gt;&gt;</a>&nbsp;&nbsp;&nbsp;CLK_EnablePLL
<LI><a href="#[2d]">&gt;&gt;</a>&nbsp;&nbsp;&nbsp;CLK_GetPLLClockFreq
<LI><a href="#[3b]">&gt;&gt;</a>&nbsp;&nbsp;&nbsp;UART_SetLine_Config
<LI><a href="#[42]">&gt;&gt;</a>&nbsp;&nbsp;&nbsp;modbus_configure
<LI><a href="#[30]">&gt;&gt;</a>&nbsp;&nbsp;&nbsp;SystemCoreClockUpdate
</UL>

<P><STRONG><a name="[26]"></a>__aeabi_uldivmod</STRONG> (Thumb, 96 bytes, Stack size 48 bytes, uldiv.o(.text), UNUSED)
<BR><BR>[Calls]<UL><LI><a href="#[27]">&gt;&gt;</a>&nbsp;&nbsp;&nbsp;__aeabi_llsr
<LI><a href="#[28]">&gt;&gt;</a>&nbsp;&nbsp;&nbsp;__aeabi_llsl
</UL>
<BR>[Called By]<UL><LI><a href="#[3d]">&gt;&gt;</a>&nbsp;&nbsp;&nbsp;_printf_core
</UL>

<P><STRONG><a name="[25]"></a>__scatterload</STRONG> (Thumb, 28 bytes, Stack size 0 bytes, init.o(.text))
<BR><BR>[Calls]<UL><LI><a href="#[29]">&gt;&gt;</a>&nbsp;&nbsp;&nbsp;__main_after_scatterload
</UL>
<BR>[Called By]<UL><LI><a href="#[24]">&gt;&gt;</a>&nbsp;&nbsp;&nbsp;_main_scatterload
</UL>

<P><STRONG><a name="[4f]"></a>__scatterload_rt2</STRONG> (Thumb, 0 bytes, Stack size 0 bytes, init.o(.text), UNUSED)

<P><STRONG><a name="[28]"></a>__aeabi_llsl</STRONG> (Thumb, 32 bytes, Stack size 8 bytes, llshl.o(.text), UNUSED)
<BR><BR>[Called By]<UL><LI><a href="#[26]">&gt;&gt;</a>&nbsp;&nbsp;&nbsp;__aeabi_uldivmod
</UL>

<P><STRONG><a name="[50]"></a>_ll_shift_l</STRONG> (Thumb, 0 bytes, Stack size 8 bytes, llshl.o(.text), UNUSED)

<P><STRONG><a name="[27]"></a>__aeabi_llsr</STRONG> (Thumb, 34 bytes, Stack size 8 bytes, llushr.o(.text), UNUSED)
<BR><BR>[Called By]<UL><LI><a href="#[26]">&gt;&gt;</a>&nbsp;&nbsp;&nbsp;__aeabi_uldivmod
</UL>

<P><STRONG><a name="[51]"></a>_ll_ushift_r</STRONG> (Thumb, 0 bytes, Stack size 8 bytes, llushr.o(.text), UNUSED)

<P><STRONG><a name="[37]"></a>CLK_EnableModuleClock</STRONG> (Thumb, 24 bytes, Stack size 0 bytes, clk.o(i.CLK_EnableModuleClock))
<BR><BR>[Called By]<UL><LI><a href="#[35]">&gt;&gt;</a>&nbsp;&nbsp;&nbsp;SYS_Init
</UL>

<P><STRONG><a name="[2a]"></a>CLK_EnablePLL</STRONG> (Thumb, 348 bytes, Stack size 40 bytes, clk.o(i.CLK_EnablePLL))
<BR><BR>[Stack]<UL><LI>Max Depth = 52<LI>Call Chain = CLK_EnablePLL &rArr; __aeabi_uidivmod
</UL>
<BR>[Calls]<UL><LI><a href="#[2c]">&gt;&gt;</a>&nbsp;&nbsp;&nbsp;__aeabi_uidivmod
<LI><a href="#[2b]">&gt;&gt;</a>&nbsp;&nbsp;&nbsp;CLK_WaitClockReady
</UL>
<BR>[Called By]<UL><LI><a href="#[2e]">&gt;&gt;</a>&nbsp;&nbsp;&nbsp;CLK_SetCoreClock
</UL>

<P><STRONG><a name="[36]"></a>CLK_EnableXtalRC</STRONG> (Thumb, 10 bytes, Stack size 0 bytes, clk.o(i.CLK_EnableXtalRC))
<BR><BR>[Called By]<UL><LI><a href="#[35]">&gt;&gt;</a>&nbsp;&nbsp;&nbsp;SYS_Init
</UL>

<P><STRONG><a name="[2e]"></a>CLK_SetCoreClock</STRONG> (Thumb, 112 bytes, Stack size 24 bytes, clk.o(i.CLK_SetCoreClock))
<BR><BR>[Stack]<UL><LI>Max Depth = 92<LI>Call Chain = CLK_SetCoreClock &rArr; CLK_SetHCLK &rArr; SystemCoreClockUpdate &rArr; __aeabi_uidivmod
</UL>
<BR>[Calls]<UL><LI><a href="#[2a]">&gt;&gt;</a>&nbsp;&nbsp;&nbsp;CLK_EnablePLL
<LI><a href="#[2b]">&gt;&gt;</a>&nbsp;&nbsp;&nbsp;CLK_WaitClockReady
<LI><a href="#[2f]">&gt;&gt;</a>&nbsp;&nbsp;&nbsp;CLK_SetHCLK
</UL>
<BR>[Called By]<UL><LI><a href="#[35]">&gt;&gt;</a>&nbsp;&nbsp;&nbsp;SYS_Init
</UL>

<P><STRONG><a name="[2f]"></a>CLK_SetHCLK</STRONG> (Thumb, 72 bytes, Stack size 32 bytes, clk.o(i.CLK_SetHCLK))
<BR><BR>[Stack]<UL><LI>Max Depth = 68<LI>Call Chain = CLK_SetHCLK &rArr; SystemCoreClockUpdate &rArr; __aeabi_uidivmod
</UL>
<BR>[Calls]<UL><LI><a href="#[2b]">&gt;&gt;</a>&nbsp;&nbsp;&nbsp;CLK_WaitClockReady
<LI><a href="#[30]">&gt;&gt;</a>&nbsp;&nbsp;&nbsp;SystemCoreClockUpdate
</UL>
<BR>[Called By]<UL><LI><a href="#[2e]">&gt;&gt;</a>&nbsp;&nbsp;&nbsp;CLK_SetCoreClock
<LI><a href="#[35]">&gt;&gt;</a>&nbsp;&nbsp;&nbsp;SYS_Init
</UL>

<P><STRONG><a name="[38]"></a>CLK_SetModuleClock</STRONG> (Thumb, 74 bytes, Stack size 16 bytes, clk.o(i.CLK_SetModuleClock))
<BR><BR>[Stack]<UL><LI>Max Depth = 16<LI>Call Chain = CLK_SetModuleClock
</UL>
<BR>[Called By]<UL><LI><a href="#[35]">&gt;&gt;</a>&nbsp;&nbsp;&nbsp;SYS_Init
</UL>

<P><STRONG><a name="[2b]"></a>CLK_WaitClockReady</STRONG> (Thumb, 34 bytes, Stack size 8 bytes, clk.o(i.CLK_WaitClockReady))
<BR><BR>[Stack]<UL><LI>Max Depth = 8<LI>Call Chain = CLK_WaitClockReady
</UL>
<BR>[Called By]<UL><LI><a href="#[2a]">&gt;&gt;</a>&nbsp;&nbsp;&nbsp;CLK_EnablePLL
<LI><a href="#[2f]">&gt;&gt;</a>&nbsp;&nbsp;&nbsp;CLK_SetHCLK
<LI><a href="#[2e]">&gt;&gt;</a>&nbsp;&nbsp;&nbsp;CLK_SetCoreClock
<LI><a href="#[35]">&gt;&gt;</a>&nbsp;&nbsp;&nbsp;SYS_Init
</UL>

<P><STRONG><a name="[34]"></a>GPIO_SetMode</STRONG> (Thumb, 40 bytes, Stack size 20 bytes, gpio.o(i.GPIO_SetMode))
<BR><BR>[Stack]<UL><LI>Max Depth = 20<LI>Call Chain = GPIO_SetMode
</UL>
<BR>[Called By]<UL><LI><a href="#[35]">&gt;&gt;</a>&nbsp;&nbsp;&nbsp;SYS_Init
<LI><a href="#[33]">&gt;&gt;</a>&nbsp;&nbsp;&nbsp;Relay_init
</UL>

<P><STRONG><a name="[1f]"></a>Hard_Fault_Handler</STRONG> (Thumb, 16 bytes, Stack size 0 bytes, retarget.o(i.Hard_Fault_Handler))
<BR><BR>[Stack]<UL><LI>Max Depth = 32<LI>Call Chain = Hard_Fault_Handler &rArr; stackDump &rArr; __2printf
</UL>
<BR>[Calls]<UL><LI><a href="#[32]">&gt;&gt;</a>&nbsp;&nbsp;&nbsp;stackDump
<LI><a href="#[31]">&gt;&gt;</a>&nbsp;&nbsp;&nbsp;__2printf
</UL>
<BR>[Address Reference Count : 1]<UL><LI> retarget.o(.emb_text)
</UL>
<P><STRONG><a name="[44]"></a>Relay_Update</STRONG> (Thumb, 202 bytes, Stack size 12 bytes, main.o(i.Relay_Update))
<BR><BR>[Stack]<UL><LI>Max Depth = 12<LI>Call Chain = Relay_Update
</UL>
<BR>[Called By]<UL><LI><a href="#[1e]">&gt;&gt;</a>&nbsp;&nbsp;&nbsp;main
</UL>

<P><STRONG><a name="[33]"></a>Relay_init</STRONG> (Thumb, 210 bytes, Stack size 16 bytes, main.o(i.Relay_init))
<BR><BR>[Stack]<UL><LI>Max Depth = 36<LI>Call Chain = Relay_init &rArr; GPIO_SetMode
</UL>
<BR>[Calls]<UL><LI><a href="#[34]">&gt;&gt;</a>&nbsp;&nbsp;&nbsp;GPIO_SetMode
</UL>
<BR>[Called By]<UL><LI><a href="#[35]">&gt;&gt;</a>&nbsp;&nbsp;&nbsp;SYS_Init
</UL>

<P><STRONG><a name="[35]"></a>SYS_Init</STRONG> (Thumb, 94 bytes, Stack size 8 bytes, main.o(i.SYS_Init))
<BR><BR>[Stack]<UL><LI>Max Depth = 100<LI>Call Chain = SYS_Init &rArr; CLK_SetCoreClock &rArr; CLK_SetHCLK &rArr; SystemCoreClockUpdate &rArr; __aeabi_uidivmod
</UL>
<BR>[Calls]<UL><LI><a href="#[34]">&gt;&gt;</a>&nbsp;&nbsp;&nbsp;GPIO_SetMode
<LI><a href="#[2b]">&gt;&gt;</a>&nbsp;&nbsp;&nbsp;CLK_WaitClockReady
<LI><a href="#[38]">&gt;&gt;</a>&nbsp;&nbsp;&nbsp;CLK_SetModuleClock
<LI><a href="#[2f]">&gt;&gt;</a>&nbsp;&nbsp;&nbsp;CLK_SetHCLK
<LI><a href="#[2e]">&gt;&gt;</a>&nbsp;&nbsp;&nbsp;CLK_SetCoreClock
<LI><a href="#[36]">&gt;&gt;</a>&nbsp;&nbsp;&nbsp;CLK_EnableXtalRC
<LI><a href="#[37]">&gt;&gt;</a>&nbsp;&nbsp;&nbsp;CLK_EnableModuleClock
<LI><a href="#[33]">&gt;&gt;</a>&nbsp;&nbsp;&nbsp;Relay_init
<LI><a href="#[30]">&gt;&gt;</a>&nbsp;&nbsp;&nbsp;SystemCoreClockUpdate
</UL>
<BR>[Called By]<UL><LI><a href="#[1e]">&gt;&gt;</a>&nbsp;&nbsp;&nbsp;main
</UL>

<P><STRONG><a name="[3a]"></a>SYS_ResetModule</STRONG> (Thumb, 26 bytes, Stack size 0 bytes, sys.o(i.SYS_ResetModule))
<BR><BR>[Called By]<UL><LI><a href="#[39]">&gt;&gt;</a>&nbsp;&nbsp;&nbsp;UART0_Init
</UL>

<P><STRONG><a name="[41]"></a>SendChar_ToUART</STRONG> (Thumb, 26 bytes, Stack size 0 bytes, retarget.o(i.SendChar_ToUART))
<BR><BR>[Called By]<UL><LI><a href="#[22]">&gt;&gt;</a>&nbsp;&nbsp;&nbsp;fputc
</UL>

<P><STRONG><a name="[30]"></a>SystemCoreClockUpdate</STRONG> (Thumb, 116 bytes, Stack size 24 bytes, system_m051series.o(i.SystemCoreClockUpdate))
<BR><BR>[Stack]<UL><LI>Max Depth = 36<LI>Call Chain = SystemCoreClockUpdate &rArr; __aeabi_uidivmod
</UL>
<BR>[Calls]<UL><LI><a href="#[2c]">&gt;&gt;</a>&nbsp;&nbsp;&nbsp;__aeabi_uidivmod
</UL>
<BR>[Called By]<UL><LI><a href="#[2f]">&gt;&gt;</a>&nbsp;&nbsp;&nbsp;CLK_SetHCLK
<LI><a href="#[35]">&gt;&gt;</a>&nbsp;&nbsp;&nbsp;SYS_Init
</UL>

<P><STRONG><a name="[20]"></a>SystemInit</STRONG> (Thumb, 2 bytes, Stack size 0 bytes, system_m051series.o(i.SystemInit))
<BR>[Address Reference Count : 1]<UL><LI> startup_m051series.o(.text)
</UL>
<P><STRONG><a name="[39]"></a>UART0_Init</STRONG> (Thumb, 28 bytes, Stack size 16 bytes, simplemodbusslave.o(i.UART0_Init))
<BR><BR>[Stack]<UL><LI>Max Depth = 92<LI>Call Chain = UART0_Init &rArr; UART_SetLine_Config &rArr; CLK_GetPLLClockFreq &rArr; __aeabi_uidivmod
</UL>
<BR>[Calls]<UL><LI><a href="#[3b]">&gt;&gt;</a>&nbsp;&nbsp;&nbsp;UART_SetLine_Config
<LI><a href="#[3a]">&gt;&gt;</a>&nbsp;&nbsp;&nbsp;SYS_ResetModule
</UL>
<BR>[Called By]<UL><LI><a href="#[42]">&gt;&gt;</a>&nbsp;&nbsp;&nbsp;modbus_configure
</UL>

<P><STRONG><a name="[45]"></a>UART_Read</STRONG> (Thumb, 44 bytes, Stack size 16 bytes, uart.o(i.UART_Read))
<BR><BR>[Stack]<UL><LI>Max Depth = 16<LI>Call Chain = UART_Read
</UL>
<BR>[Called By]<UL><LI><a href="#[43]">&gt;&gt;</a>&nbsp;&nbsp;&nbsp;modbus_update
</UL>

<P><STRONG><a name="[3b]"></a>UART_SetLine_Config</STRONG> (Thumb, 118 bytes, Stack size 56 bytes, uart.o(i.UART_SetLine_Config))
<BR><BR>[Stack]<UL><LI>Max Depth = 76<LI>Call Chain = UART_SetLine_Config &rArr; CLK_GetPLLClockFreq &rArr; __aeabi_uidivmod
</UL>
<BR>[Calls]<UL><LI><a href="#[2c]">&gt;&gt;</a>&nbsp;&nbsp;&nbsp;__aeabi_uidivmod
<LI><a href="#[2d]">&gt;&gt;</a>&nbsp;&nbsp;&nbsp;CLK_GetPLLClockFreq
</UL>
<BR>[Called By]<UL><LI><a href="#[39]">&gt;&gt;</a>&nbsp;&nbsp;&nbsp;UART0_Init
</UL>

<P><STRONG><a name="[47]"></a>UART_Write</STRONG> (Thumb, 44 bytes, Stack size 16 bytes, uart.o(i.UART_Write))
<BR><BR>[Stack]<UL><LI>Max Depth = 16<LI>Call Chain = UART_Write
</UL>
<BR>[Called By]<UL><LI><a href="#[40]">&gt;&gt;</a>&nbsp;&nbsp;&nbsp;sendPacket
</UL>

<P><STRONG><a name="[3c]"></a>__0printf$5</STRONG> (Thumb, 24 bytes, Stack size 24 bytes, printf5.o(i.__0printf$5), UNUSED)
<BR><BR>[Calls]<UL><LI><a href="#[3d]">&gt;&gt;</a>&nbsp;&nbsp;&nbsp;_printf_core
</UL>

<P><STRONG><a name="[52]"></a>__1printf$5</STRONG> (Thumb, 0 bytes, Stack size 24 bytes, printf5.o(i.__0printf$5), UNUSED)

<P><STRONG><a name="[31]"></a>__2printf</STRONG> (Thumb, 0 bytes, Stack size 24 bytes, printf5.o(i.__0printf$5))
<BR><BR>[Stack]<UL><LI>Max Depth = 24<LI>Call Chain = __2printf
</UL>
<BR>[Called By]<UL><LI><a href="#[1f]">&gt;&gt;</a>&nbsp;&nbsp;&nbsp;Hard_Fault_Handler
<LI><a href="#[32]">&gt;&gt;</a>&nbsp;&nbsp;&nbsp;stackDump
</UL>

<P><STRONG><a name="[53]"></a>__scatterload_copy</STRONG> (Thumb, 14 bytes, Stack size unknown bytes, handlers.o(i.__scatterload_copy), UNUSED)

<P><STRONG><a name="[54]"></a>__scatterload_null</STRONG> (Thumb, 2 bytes, Stack size unknown bytes, handlers.o(i.__scatterload_null), UNUSED)

<P><STRONG><a name="[55]"></a>__scatterload_zeroinit</STRONG> (Thumb, 14 bytes, Stack size unknown bytes, handlers.o(i.__scatterload_zeroinit), UNUSED)

<P><STRONG><a name="[3f]"></a>calculateCRC</STRONG> (Thumb, 56 bytes, Stack size 16 bytes, simplemodbusslave.o(i.calculateCRC))
<BR><BR>[Stack]<UL><LI>Max Depth = 16<LI>Call Chain = calculateCRC
</UL>
<BR>[Called By]<UL><LI><a href="#[3e]">&gt;&gt;</a>&nbsp;&nbsp;&nbsp;exceptionResponse
<LI><a href="#[43]">&gt;&gt;</a>&nbsp;&nbsp;&nbsp;modbus_update
</UL>

<P><STRONG><a name="[3e]"></a>exceptionResponse</STRONG> (Thumb, 52 bytes, Stack size 8 bytes, simplemodbusslave.o(i.exceptionResponse))
<BR><BR>[Stack]<UL><LI>Max Depth = 48<LI>Call Chain = exceptionResponse &rArr; sendPacket &rArr; UART_Write
</UL>
<BR>[Calls]<UL><LI><a href="#[40]">&gt;&gt;</a>&nbsp;&nbsp;&nbsp;sendPacket
<LI><a href="#[3f]">&gt;&gt;</a>&nbsp;&nbsp;&nbsp;calculateCRC
</UL>
<BR>[Called By]<UL><LI><a href="#[43]">&gt;&gt;</a>&nbsp;&nbsp;&nbsp;modbus_update
</UL>

<P><STRONG><a name="[22]"></a>fputc</STRONG> (Thumb, 12 bytes, Stack size 4 bytes, retarget.o(i.fputc))
<BR><BR>[Stack]<UL><LI>Max Depth = 4<LI>Call Chain = fputc
</UL>
<BR>[Calls]<UL><LI><a href="#[41]">&gt;&gt;</a>&nbsp;&nbsp;&nbsp;SendChar_ToUART
</UL>
<BR>[Address Reference Count : 1]<UL><LI> printf5.o(i.__0printf$5)
</UL>
<P><STRONG><a name="[1e]"></a>main</STRONG> (Thumb, 106 bytes, Stack size 8 bytes, main.o(i.main))
<BR><BR>[Stack]<UL><LI>Max Depth = 124<LI>Call Chain = main &rArr; modbus_configure &rArr; UART0_Init &rArr; UART_SetLine_Config &rArr; CLK_GetPLLClockFreq &rArr; __aeabi_uidivmod
</UL>
<BR>[Calls]<UL><LI><a href="#[43]">&gt;&gt;</a>&nbsp;&nbsp;&nbsp;modbus_update
<LI><a href="#[42]">&gt;&gt;</a>&nbsp;&nbsp;&nbsp;modbus_configure
<LI><a href="#[35]">&gt;&gt;</a>&nbsp;&nbsp;&nbsp;SYS_Init
<LI><a href="#[44]">&gt;&gt;</a>&nbsp;&nbsp;&nbsp;Relay_Update
</UL>
<BR>[Address Reference Count : 1]<UL><LI> entry9a.o(.ARM.Collect$$$$0000000B)
</UL>
<P><STRONG><a name="[42]"></a>modbus_configure</STRONG> (Thumb, 98 bytes, Stack size 24 bytes, simplemodbusslave.o(i.modbus_configure))
<BR><BR>[Stack]<UL><LI>Max Depth = 116<LI>Call Chain = modbus_configure &rArr; UART0_Init &rArr; UART_SetLine_Config &rArr; CLK_GetPLLClockFreq &rArr; __aeabi_uidivmod
</UL>
<BR>[Calls]<UL><LI><a href="#[2c]">&gt;&gt;</a>&nbsp;&nbsp;&nbsp;__aeabi_uidivmod
<LI><a href="#[39]">&gt;&gt;</a>&nbsp;&nbsp;&nbsp;UART0_Init
</UL>
<BR>[Called By]<UL><LI><a href="#[1e]">&gt;&gt;</a>&nbsp;&nbsp;&nbsp;main
</UL>

<P><STRONG><a name="[43]"></a>modbus_update</STRONG> (Thumb, 440 bytes, Stack size 24 bytes, simplemodbusslave.o(i.modbus_update))
<BR><BR>[Stack]<UL><LI>Max Depth = 72<LI>Call Chain = modbus_update &rArr; exceptionResponse &rArr; sendPacket &rArr; UART_Write
</UL>
<BR>[Calls]<UL><LI><a href="#[45]">&gt;&gt;</a>&nbsp;&nbsp;&nbsp;UART_Read
<LI><a href="#[40]">&gt;&gt;</a>&nbsp;&nbsp;&nbsp;sendPacket
<LI><a href="#[3e]">&gt;&gt;</a>&nbsp;&nbsp;&nbsp;exceptionResponse
<LI><a href="#[3f]">&gt;&gt;</a>&nbsp;&nbsp;&nbsp;calculateCRC
<LI><a href="#[46]">&gt;&gt;</a>&nbsp;&nbsp;&nbsp;CLK_SysTickDelay
</UL>
<BR>[Called By]<UL><LI><a href="#[1e]">&gt;&gt;</a>&nbsp;&nbsp;&nbsp;main
</UL>

<P><STRONG><a name="[40]"></a>sendPacket</STRONG> (Thumb, 48 bytes, Stack size 24 bytes, simplemodbusslave.o(i.sendPacket))
<BR><BR>[Stack]<UL><LI>Max Depth = 40<LI>Call Chain = sendPacket &rArr; UART_Write
</UL>
<BR>[Calls]<UL><LI><a href="#[47]">&gt;&gt;</a>&nbsp;&nbsp;&nbsp;UART_Write
<LI><a href="#[46]">&gt;&gt;</a>&nbsp;&nbsp;&nbsp;CLK_SysTickDelay
</UL>
<BR>[Called By]<UL><LI><a href="#[3e]">&gt;&gt;</a>&nbsp;&nbsp;&nbsp;exceptionResponse
<LI><a href="#[43]">&gt;&gt;</a>&nbsp;&nbsp;&nbsp;modbus_update
</UL>
<P>
<H3>
Local Symbols
</H3>
<P><STRONG><a name="[16]"></a>Default_Handler</STRONG> (Thumb, 2 bytes, Stack size 0 bytes, startup_m051series.o(.text))
<BR><BR>[Calls]<UL><LI><a href="#[16]">&gt;&gt;</a>&nbsp;&nbsp;&nbsp;Default_Handler
</UL>
<BR>[Called By]<UL><LI><a href="#[16]">&gt;&gt;</a>&nbsp;&nbsp;&nbsp;Default_Handler
</UL>
<BR>[Address Reference Count : 1]<UL><LI> startup_m051series.o(RESET)
</UL>
<P><STRONG><a name="[46]"></a>CLK_SysTickDelay</STRONG> (Thumb, 28 bytes, Stack size 0 bytes, simplemodbusslave.o(i.CLK_SysTickDelay))
<BR><BR>[Called By]<UL><LI><a href="#[40]">&gt;&gt;</a>&nbsp;&nbsp;&nbsp;sendPacket
<LI><a href="#[43]">&gt;&gt;</a>&nbsp;&nbsp;&nbsp;modbus_update
</UL>

<P><STRONG><a name="[32]"></a>stackDump</STRONG> (Thumb, 70 bytes, Stack size 8 bytes, retarget.o(i.stackDump))
<BR><BR>[Stack]<UL><LI>Max Depth = 32<LI>Call Chain = stackDump &rArr; __2printf
</UL>
<BR>[Calls]<UL><LI><a href="#[31]">&gt;&gt;</a>&nbsp;&nbsp;&nbsp;__2printf
</UL>
<BR>[Called By]<UL><LI><a href="#[1f]">&gt;&gt;</a>&nbsp;&nbsp;&nbsp;Hard_Fault_Handler
</UL>

<P><STRONG><a name="[2d]"></a>CLK_GetPLLClockFreq</STRONG> (Thumb, 70 bytes, Stack size 8 bytes, uart.o(i.CLK_GetPLLClockFreq))
<BR><BR>[Stack]<UL><LI>Max Depth = 20<LI>Call Chain = CLK_GetPLLClockFreq &rArr; __aeabi_uidivmod
</UL>
<BR>[Calls]<UL><LI><a href="#[2c]">&gt;&gt;</a>&nbsp;&nbsp;&nbsp;__aeabi_uidivmod
</UL>
<BR>[Called By]<UL><LI><a href="#[3b]">&gt;&gt;</a>&nbsp;&nbsp;&nbsp;UART_SetLine_Config
</UL>

<P><STRONG><a name="[3d]"></a>_printf_core</STRONG> (Thumb, 688 bytes, Stack size 96 bytes, printf5.o(i._printf_core), UNUSED)
<BR><BR>[Calls]<UL><LI><a href="#[26]">&gt;&gt;</a>&nbsp;&nbsp;&nbsp;__aeabi_uldivmod
</UL>
<BR>[Called By]<UL><LI><a href="#[3c]">&gt;&gt;</a>&nbsp;&nbsp;&nbsp;__0printf$5
</UL>
<P>
<H3>
Undefined Global Symbols
</H3><HR></body></html>
