<html>
<body>
<pre>
<h1>µVision Build Log</h1>
<h2>Project:</h2>
K:\__RangDongCorp(thay tcuong,cHanh)\Technical Solution\firmware\embeddedApps\M054\M051_Series_BSP_CMSIS_V3.01.004\SampleCode\StdDriver\GPIO_OutputInput_HungNN\KEIL\GPIO_OutputInput.uvproj
Project File Date:  01/30/2023

<h2>Output:</h2>
Build target 'GPIO_OutputInput'
creating preprocessor file for system_M051Series.c...
compiling system_M051Series.c...
creating preprocessor file for main.c...
..\main.c(157): warning:  #9-D: nested comment is not allowed
compiling main.c...
..\main.c(157): warning:  #9-D: nested comment is not allowed
..\main.c(85): warning:  #177-D: variable "i32Err" was declared but never referenced
creating preprocessor file for retarget.c...
compiling retarget.c...
creating preprocessor file for gpio.c...
compiling gpio.c...
creating preprocessor file for uart.c...
compiling uart.c...
creating preprocessor file for clk.c...
compiling clk.c...
creating preprocessor file for sys.c...
compiling sys.c...
linking...
Program Size: Code=3228 RO-data=304 RW-data=16 ZI-data=512  
After Build - User command #1: fromelf --bin ".\obj\GPIO_OutputInput.axf" --output ".\obj\GPIO_OutputInput.bin"
After Build - User command #2: fromelf --text -c ".\obj\GPIO_OutputInput.axf" --output ".\obj\GPIO_OutputInput.txt"
".\obj\GPIO_OutputInput.axf" - 0 Errors, 3 Warning(s).
Build target 'GPIO_OutputInput'
creating preprocessor file for system_M051Series.c...
compiling system_M051Series.c...
creating preprocessor file for main.c...
..\main.c(157): warning:  #9-D: nested comment is not allowed
compiling main.c...
..\main.c(157): warning:  #9-D: nested comment is not allowed
..\main.c(85): warning:  #177-D: variable "i32Err" was declared but never referenced
creating preprocessor file for retarget.c...
compiling retarget.c...
creating preprocessor file for gpio.c...
compiling gpio.c...
creating preprocessor file for uart.c...
compiling uart.c...
creating preprocessor file for clk.c...
compiling clk.c...
creating preprocessor file for sys.c...
compiling sys.c...
linking...
Program Size: Code=3228 RO-data=304 RW-data=16 ZI-data=512  
After Build - User command #1: fromelf --bin ".\obj\GPIO_OutputInput_hungNN.axf" --output ".\obj\GPIO_OutputInput_hungNN.bin"
After Build - User command #2: fromelf --text -c ".\obj\GPIO_OutputInput_hungNN.axf" --output ".\obj\GPIO_OutputInput_hungNN.txt"
".\obj\GPIO_OutputInput_hungNN.axf" - 0 Errors, 3 Warning(s).
Build target 'GPIO_OutputInput'
creating preprocessor file for system_M051Series.c...
compiling system_M051Series.c...
creating preprocessor file for main.c...
..\main.c(157): warning:  #9-D: nested comment is not allowed
compiling main.c...
..\main.c(157): warning:  #9-D: nested comment is not allowed
..\main.c(85): warning:  #177-D: variable "i32Err" was declared but never referenced
creating preprocessor file for retarget.c...
compiling retarget.c...
creating preprocessor file for gpio.c...
compiling gpio.c...
creating preprocessor file for uart.c...
compiling uart.c...
creating preprocessor file for clk.c...
compiling clk.c...
creating preprocessor file for sys.c...
compiling sys.c...
linking...
Program Size: Code=3232 RO-data=304 RW-data=16 ZI-data=512  
After Build - User command #1: fromelf --bin ".\obj\GPIO_OutputInput_hungNN.axf" --output ".\obj\GPIO_OutputInput_hungNN.bin"
After Build - User command #2: fromelf --text -c ".\obj\GPIO_OutputInput_hungNN.axf" --output ".\obj\GPIO_OutputInput_hungNN.txt"
".\obj\GPIO_OutputInput_hungNN.axf" - 0 Errors, 3 Warning(s).
Build target 'GPIO_OutputInput'
creating preprocessor file for system_M051Series.c...
compiling system_M051Series.c...
creating preprocessor file for main.c...
..\main.c(159): warning:  #9-D: nested comment is not allowed
compiling main.c...
..\main.c(112): error:  #65: expected a ";"
..\main.c(113): error:  #65: expected a ";"
..\main.c(159): warning:  #9-D: nested comment is not allowed
..\main.c(87): warning:  #177-D: variable "i32Err" was declared but never referenced
creating preprocessor file for retarget.c...
compiling retarget.c...
creating preprocessor file for gpio.c...
compiling gpio.c...
creating preprocessor file for uart.c...
compiling uart.c...
creating preprocessor file for clk.c...
compiling clk.c...
creating preprocessor file for sys.c...
compiling sys.c...
".\obj\GPIO_OutputInput_hungNN.axf" - 2 Errors, 3 Warning(s).
Target not created
Build target 'GPIO_OutputInput'
creating preprocessor file for system_M051Series.c...
compiling system_M051Series.c...
creating preprocessor file for main.c...
..\main.c(159): warning:  #9-D: nested comment is not allowed
compiling main.c...
..\main.c(159): warning:  #9-D: nested comment is not allowed
..\main.c(87): warning:  #177-D: variable "i32Err" was declared but never referenced
creating preprocessor file for retarget.c...
compiling retarget.c...
creating preprocessor file for gpio.c...
compiling gpio.c...
creating preprocessor file for uart.c...
compiling uart.c...
creating preprocessor file for clk.c...
compiling clk.c...
creating preprocessor file for sys.c...
compiling sys.c...
linking...
Program Size: Code=3232 RO-data=304 RW-data=16 ZI-data=512  
After Build - User command #1: fromelf --bin ".\obj\GPIO_OutputInput_hungNN.axf" --output ".\obj\GPIO_OutputInput_hungNN.bin"
After Build - User command #2: fromelf --text -c ".\obj\GPIO_OutputInput_hungNN.axf" --output ".\obj\GPIO_OutputInput_hungNN.txt"
".\obj\GPIO_OutputInput_hungNN.axf" - 0 Errors, 3 Warning(s).
Build target 'GPIO_OutputInput'
creating preprocessor file for system_M051Series.c...
compiling system_M051Series.c...
creating preprocessor file for main.c...
..\main.c(183): warning:  #9-D: nested comment is not allowed
compiling main.c...
..\main.c(183): warning:  #9-D: nested comment is not allowed
..\main.c(106): warning:  #177-D: variable "i32Err" was declared but never referenced
creating preprocessor file for retarget.c...
compiling retarget.c...
creating preprocessor file for gpio.c...
compiling gpio.c...
creating preprocessor file for uart.c...
compiling uart.c...
creating preprocessor file for clk.c...
compiling clk.c...
creating preprocessor file for sys.c...
compiling sys.c...
linking...
Program Size: Code=3288 RO-data=304 RW-data=16 ZI-data=512  
After Build - User command #1: fromelf --bin ".\obj\GPIO_OutputInput_hungNN.axf" --output ".\obj\GPIO_OutputInput_hungNN.bin"
After Build - User command #2: fromelf --text -c ".\obj\GPIO_OutputInput_hungNN.axf" --output ".\obj\GPIO_OutputInput_hungNN.txt"
".\obj\GPIO_OutputInput_hungNN.axf" - 0 Errors, 3 Warning(s).
Build target 'GPIO_OutputInput'
creating preprocessor file for system_M051Series.c...
compiling system_M051Series.c...
creating preprocessor file for main.c...
..\main.c(187): warning:  #9-D: nested comment is not allowed
compiling main.c...
..\main.c(18): warning:  #520-D: initialization with "{...}" expected for aggregate object
..\main.c(18): error:  #29: expected an expression
..\main.c(160): error:  #167: argument of type "const uint8_t *" is incompatible with parameter of type "uint8_t *"
..\main.c(187): warning:  #9-D: nested comment is not allowed
..\main.c(109): warning:  #177-D: variable "i32Err" was declared but never referenced
creating preprocessor file for retarget.c...
compiling retarget.c...
creating preprocessor file for gpio.c...
compiling gpio.c...
creating preprocessor file for uart.c...
compiling uart.c...
creating preprocessor file for clk.c...
compiling clk.c...
creating preprocessor file for sys.c...
compiling sys.c...
".\obj\GPIO_OutputInput_hungNN.axf" - 2 Errors, 4 Warning(s).
Target not created
Build target 'GPIO_OutputInput'
creating preprocessor file for system_M051Series.c...
compiling system_M051Series.c...
creating preprocessor file for main.c...
..\main.c(187): warning:  #9-D: nested comment is not allowed
compiling main.c...
..\main.c(18): warning:  #520-D: initialization with "{...}" expected for aggregate object
..\main.c(18): error:  #29: expected an expression
..\main.c(187): warning:  #9-D: nested comment is not allowed
..\main.c(109): warning:  #177-D: variable "i32Err" was declared but never referenced
creating preprocessor file for retarget.c...
compiling retarget.c...
creating preprocessor file for gpio.c...
compiling gpio.c...
creating preprocessor file for uart.c...
compiling uart.c...
creating preprocessor file for clk.c...
compiling clk.c...
creating preprocessor file for sys.c...
compiling sys.c...
".\obj\GPIO_OutputInput_hungNN.axf" - 1 Errors, 4 Warning(s).
Target not created
Build target 'GPIO_OutputInput'
creating preprocessor file for system_M051Series.c...
compiling system_M051Series.c...
creating preprocessor file for main.c...
..\main.c(187): warning:  #9-D: nested comment is not allowed
compiling main.c...
..\main.c(187): warning:  #9-D: nested comment is not allowed
..\main.c(109): warning:  #177-D: variable "i32Err" was declared but never referenced
creating preprocessor file for retarget.c...
compiling retarget.c...
creating preprocessor file for gpio.c...
compiling gpio.c...
creating preprocessor file for uart.c...
compiling uart.c...
creating preprocessor file for clk.c...
compiling clk.c...
creating preprocessor file for sys.c...
compiling sys.c...
linking...
Program Size: Code=3348 RO-data=304 RW-data=28 ZI-data=516  
After Build - User command #1: fromelf --bin ".\obj\GPIO_OutputInput_hungNN.axf" --output ".\obj\GPIO_OutputInput_hungNN.bin"
After Build - User command #2: fromelf --text -c ".\obj\GPIO_OutputInput_hungNN.axf" --output ".\obj\GPIO_OutputInput_hungNN.txt"
".\obj\GPIO_OutputInput_hungNN.axf" - 0 Errors, 3 Warning(s).
Build target 'GPIO_OutputInput'
creating preprocessor file for system_M051Series.c...
compiling system_M051Series.c...
creating preprocessor file for main.c...
..\main.c(187): warning:  #9-D: nested comment is not allowed
compiling main.c...
..\main.c(187): warning:  #9-D: nested comment is not allowed
..\main.c(109): warning:  #177-D: variable "i32Err" was declared but never referenced
creating preprocessor file for retarget.c...
compiling retarget.c...
creating preprocessor file for gpio.c...
compiling gpio.c...
creating preprocessor file for uart.c...
compiling uart.c...
creating preprocessor file for clk.c...
compiling clk.c...
creating preprocessor file for sys.c...
compiling sys.c...
linking...
Program Size: Code=3348 RO-data=304 RW-data=32 ZI-data=512  
After Build - User command #1: fromelf --bin ".\obj\GPIO_OutputInput_hungNN.axf" --output ".\obj\GPIO_OutputInput_hungNN.bin"
After Build - User command #2: fromelf --text -c ".\obj\GPIO_OutputInput_hungNN.axf" --output ".\obj\GPIO_OutputInput_hungNN.txt"
".\obj\GPIO_OutputInput_hungNN.axf" - 0 Errors, 3 Warning(s).
Build target 'GPIO_OutputInput'
creating preprocessor file for system_M051Series.c...
compiling system_M051Series.c...
creating preprocessor file for main.c...
compiling main.c...
creating preprocessor file for retarget.c...
compiling retarget.c...
creating preprocessor file for gpio.c...
compiling gpio.c...
creating preprocessor file for uart.c...
compiling uart.c...
creating preprocessor file for clk.c...
compiling clk.c...
creating preprocessor file for sys.c...
compiling sys.c...
linking...
Program Size: Code=3132 RO-data=304 RW-data=32 ZI-data=512  
After Build - User command #1: fromelf --bin ".\obj\GPIO_OutputInput_hungNN.axf" --output ".\obj\GPIO_OutputInput_hungNN.bin"
After Build - User command #2: fromelf --text -c ".\obj\GPIO_OutputInput_hungNN.axf" --output ".\obj\GPIO_OutputInput_hungNN.txt"
".\obj\GPIO_OutputInput_hungNN.axf" - 0 Errors, 0 Warning(s).
Build target 'GPIO_OutputInput'
creating preprocessor file for system_M051Series.c...
compiling system_M051Series.c...
creating preprocessor file for main.c...
compiling main.c...
creating preprocessor file for retarget.c...
compiling retarget.c...
creating preprocessor file for gpio.c...
compiling gpio.c...
creating preprocessor file for uart.c...
compiling uart.c...
creating preprocessor file for clk.c...
compiling clk.c...
creating preprocessor file for sys.c...
compiling sys.c...
linking...
Program Size: Code=3132 RO-data=304 RW-data=32 ZI-data=512  
After Build - User command #1: fromelf --bin ".\obj\GPIO_OutputInput_hungNN.axf" --output ".\obj\GPIO_OutputInput_hungNN.bin"
After Build - User command #2: fromelf --text -c ".\obj\GPIO_OutputInput_hungNN.axf" --output ".\obj\GPIO_OutputInput_hungNN.txt"
".\obj\GPIO_OutputInput_hungNN.axf" - 0 Errors, 0 Warning(s).
Build target 'GPIO_OutputInput'
creating preprocessor file for system_M051Series.c...
compiling system_M051Series.c...
creating preprocessor file for main.c...
compiling main.c...
creating preprocessor file for retarget.c...
compiling retarget.c...
creating preprocessor file for gpio.c...
compiling gpio.c...
creating preprocessor file for uart.c...
compiling uart.c...
creating preprocessor file for clk.c...
compiling clk.c...
creating preprocessor file for sys.c...
compiling sys.c...
linking...
Program Size: Code=3136 RO-data=304 RW-data=32 ZI-data=512  
After Build - User command #1: fromelf --bin ".\obj\GPIO_OutputInput_hungNN.axf" --output ".\obj\GPIO_OutputInput_hungNN.bin"
After Build - User command #2: fromelf --text -c ".\obj\GPIO_OutputInput_hungNN.axf" --output ".\obj\GPIO_OutputInput_hungNN.txt"
".\obj\GPIO_OutputInput_hungNN.axf" - 0 Errors, 0 Warning(s).
Build target 'GPIO_OutputInput'
creating preprocessor file for system_M051Series.c...
compiling system_M051Series.c...
creating preprocessor file for main.c...
compiling main.c...
creating preprocessor file for retarget.c...
compiling retarget.c...
creating preprocessor file for gpio.c...
compiling gpio.c...
creating preprocessor file for uart.c...
compiling uart.c...
creating preprocessor file for clk.c...
compiling clk.c...
creating preprocessor file for sys.c...
compiling sys.c...
linking...
Program Size: Code=3136 RO-data=304 RW-data=32 ZI-data=512  
After Build - User command #1: fromelf --bin ".\obj\GPIO_OutputInput_hungNN.axf" --output ".\obj\GPIO_OutputInput_hungNN.bin"
After Build - User command #2: fromelf --text -c ".\obj\GPIO_OutputInput_hungNN.axf" --output ".\obj\GPIO_OutputInput_hungNN.txt"
".\obj\GPIO_OutputInput_hungNN.axf" - 0 Errors, 0 Warning(s).
Build target 'GPIO_OutputInput'
creating preprocessor file for system_M051Series.c...
compiling system_M051Series.c...
creating preprocessor file for main.c...
compiling main.c...
creating preprocessor file for retarget.c...
compiling retarget.c...
creating preprocessor file for gpio.c...
compiling gpio.c...
creating preprocessor file for uart.c...
compiling uart.c...
creating preprocessor file for clk.c...
compiling clk.c...
creating preprocessor file for sys.c...
compiling sys.c...
linking...
Program Size: Code=3136 RO-data=304 RW-data=32 ZI-data=512  
After Build - User command #1: fromelf --bin ".\obj\GPIO_OutputInput_hungNN.axf" --output ".\obj\GPIO_OutputInput_hungNN.bin"
After Build - User command #2: fromelf --text -c ".\obj\GPIO_OutputInput_hungNN.axf" --output ".\obj\GPIO_OutputInput_hungNN.txt"
".\obj\GPIO_OutputInput_hungNN.axf" - 0 Errors, 0 Warning(s).
